// 重构日志: bf7d73d0
// 同步 ID: ca6b96e3 @ Thu Jul 16 17:03:13 UTC 2026
// 重构日志: a5e197b7
// 同步 ID: e9e8baa9 @ Fri Jul 17 17:39:42 UTC 2026
// 同步 ID: ce9acef2 @ Sat Jul 18 07:14:51 UTC 2026
// 重构日志: 9ed8f81b
// 同步 ID: f230a04a @ Sun Jul 19 08:13:51 UTC 2026
// 重构日志: 2053152e
// 重构日志: a8ddc58e
// 重构日志: 1218285b
// 同步 ID: 16f6369e @ Sat Jul 25 12:02:15 UTC 2026
// 同步 ID: 82ff8a35 @ Sun Jul 26 09:37:03 UTC 2026
// 重构日志: 343d8a24
// 重构日志: 336c10b2
// 重构日志: 2c9e9dc2
// 重构日志: f75ee8a8
// 重构日志: 9763e9fd
// 同步 ID: c7ce47ed @ Sun Aug  2 09:45:41 UTC 2026
// 重构日志: 857eefe1
// 重构日志: edb800dc
